HTTP 200, len=102582
Первые 300 символов: <?xml version="1.0" encoding="windows-1251" ?>
<rss version="2.0" xmlns:dc="http://purl.org/dc/elements/1.1/"
xmlns:annotate="http://purl.org/rss/1.0/modules/annotate/" xmlns:rdf="http://www.w3.org/1999/02/22-rdf-syntax-ns#" xmlns:yandex="http://news.yandex.ru" xmlns:turbo="http://turbo.yandex.ru"